PHPUnit Started (PHPUnit 11.5.51 using PHP 8.2.2 (cli) on WINNT)
Test Runner Triggered Deprecation (Your XML configuration validates against a deprecated schema. Migrate your XML configuration using "--migrate-configuration"!)
Test Runner Configured
Bootstrap Finished (D:\github\package\html\phpunit.php)
Event Facade Sealed
Test Suite Loaded (50 tests)
Test Runner Started
Test Suite Sorted
Test Suite Filtered (1 test)
Test Runner Execution Started (1 test)
Test Suite Started (FormBuilderTest, 1 test)
Test Preparation Started (FormBuilderTest::testHoneypot)
Test Triggered PHP Deprecation (FormBuilderTest::testHoneypot, unknown if issue was triggered in first-party code or third-party code) in D:\github\package\html\src\HtmlBuilder.php:73
Optional parameter $url declared before required parameter $view is implicitly treated as a required parameter
Before Test Method Called (FormBuilderTest::setUp)
Before Test Method Finished:
- FormBuilderTest::setUp
Test Prepared (FormBuilderTest::testHoneypot)
Test Failed (FormBuilderTest::testHoneypot)
Failed asserting that '<div style="display:none;"><input id="my_name" tabindex="-1" autocomplete="off" name="my_name" type="text" value=""><input name="my_time" type="hidden" value="1770294263"></div>' [ASCII](length: 177) contains "<input id="my_name" name="my_name" tabindex="-1" autocomplete="off" type="text" value="">" [ASCII](length: 89).
After Test Method Called (FormBuilderTest::tearDown)
After Test Method Finished:
- FormBuilderTest::tearDown
Test Finished (FormBuilderTest::testHoneypot)
Test Suite Finished (FormBuilderTest, 1 test)
Test Runner Execution Finished
Test Runner Finished
PHPUnit Finished (Shell Exit Code: 1)
vendor/bin/phpunit : 
<div style="display:n
one;"><input 
id="my_name" 
tabindex="-1" 
autocomplete="off" 
name="my_name" 
type="text" 
value=""><input 
name="my_time" 
type="hidden" value="
1770294263"></div>
At line:1 char:1
+ vendor/bin/phpunit 
tests/FormBuilderTest
.php --filter 
testHoneypot -- ...
+ ~~~~~~~~~~~~~~~~~~~
~~~~~~~~~~~~~~~~~~~~~
~~~~~~~~~~~~~~~~~~~~~
~~~~~~~~
    + CategoryInfo   
           : NotSpe  
  cified: (<div st   
 yle="dis...02942    
63"></div>:Strin    
g) [], RemoteExc    
eption
    + FullyQualified 
   ErrorId : Native  
  CommandError
 
